../Core/Src/main.c:70:6:delay_us	24	static
../Core/Src/main.c:78:6:DWT_Init	4	static
../Core/Src/main.c:85:10:Ultrasonic_Read	24	static
../Core/Src/main.c:110:10:Read_adc_channel	40	static
../Core/Src/main.c:124:6:CAN_Send	16	static
../Core/Src/main.c:138:6:CAN_Sendir	16	static
../Core/Src/main.c:191:5:main	8	static
../Core/Src/main.c:250:6:SystemClock_Config	88	static
../Core/Src/main.c:297:13:MX_ADC1_Init	24	static
../Core/Src/main.c:349:13:MX_CAN1_Init	8	static
../Core/Src/main.c:386:13:MX_GPIO_Init	40	static
../Core/Src/main.c:437:6:Error_Handler	4	static,ignoring_inline_asm
